// Jest Snapshot v1, https://goo.gl/fbAQLP

exports[`Datafrompath function should get data from path 1`] = `
Object {
  "data": "module.exports = {
  siteMetaData: {
    title: 'UlkaJs',
    description: 'This is a default starter for ulka js'
  },
  buildPath: 'build',
  pagesPath: 'pages',
  templatesPath: 'templates',

  contents: {
    path: 'contents',
    generatePath: 'blog',
    template: 'blog.ulka',
    preParse: [],
    postParse: []
  }
}
",
}
`;
