// Jest Snapshot v1, https://goo.gl/fbAQLP

exports[`mimeType should return mimetype object 1`] = `
Object {
  ".css": "text/css",
  ".doc": "application/msword",
  ".eot": "application/vnd.ms-fontobject",
  ".html": "text/html",
  ".ico": "image/x-icon",
  ".jpg": "image/jpeg",
  ".js": "text/javascript",
  ".json": "application/json",
  ".mp3": "audio/mpeg",
  ".pdf": "application/pdf",
  ".png": "image/png",
  ".svg": "image/svg+xml",
  ".ttf": "application/x-font-ttf",
  ".wav": "audio/wav",
  ".zip": "application/zip",
}
`;
