// Jest Snapshot v1, https://goo.gl/fbAQLP

exports[`build function:  globalInfo should have info about content files 1`] = `
Array [
  Object {
    "absoluteFilePath": "C:\\\\Users\\\\rosha\\\\Desktop\\\\ulka-org\\\\ulka\\\\tests\\\\resources\\\\ulka_test\\\\build\\\\blog\\\\post-1\\\\index.html",
    "contentsName": "contents",
    "frontMatter": Object {
      "title": "Post 1",
    },
    "html": "<html>
    <head>
        <title>Ulka Js</title>
    </head>
    <body>
        <h1>This is post one</h1>
    </body>
</html>",
  },
  Object {
    "absoluteFilePath": "C:\\\\Users\\\\rosha\\\\Desktop\\\\ulka-org\\\\ulka\\\\tests\\\\resources\\\\ulka_test\\\\build\\\\blog\\\\post-2\\\\index.html",
    "contentsName": "contents",
    "frontMatter": Object {
      "title": "Post 2",
    },
    "html": "<html>
    <head>
        <title>Ulka Js</title>
    </head>
    <body>
        <h1>Post 2</h1>
    </body>
</html>",
  },
]
`;
