// Jest Snapshot v1, https://goo.gl/fbAQLP

exports[`PraseConfigs returns default configs 1`] = `
Object {
  "buildPath": "build",
  "contents": Object {
    "generatePath": "blog",
    "path": "contents",
    "postParse": Array [],
    "preParse": Array [],
    "template": "blog.ulka",
  },
  "pagesPath": "pages",
  "plugins": Array [],
  "siteMetaData": Object {
    "desription": "UlkaJs - static site generator",
    "title": "Ulka.Js",
  },
  "templatesPath": "templates",
}
`;
